help.are
limbo.are
staff.are
call.are
haon.are
midennir.are
astral.are
srefuge.are
chapel.are
export.are
plains.are
gallery.are
grave.are
unholy.are
pixie.are
manor.are
roads.are
asgard.are
warkeep.are
abandoned.are
drakkel.are
1stplane.are
heaven.are
manoake.are
loramoor.are
beach.are
ship.are
Vila.are
abyss.are
citadel.are
ocean.are
paleon.are
garden.are
prison.are
jarynth.are
cierra.are
regius.are
isle.are
caverns.are
shoreline.are
stutorial.are
waterarena.are
tufkular.are
undersewer.are
tutorial.are
bowels.are
atheneum.are
desertarena.are
kirwood.are
junglearena.are
arcticarena.are
Dis.are
labarena.are
durdun.are
dakar.are
etutorial.are
wild.are
xwild.are
santasws.are
forbidden.are
dtutorial.are
estate.are
spidswamp.are
icecastle.are
crysforest.are
lvalley.are
ixious.are
Szithlin.are
gtower.are
newunder.are
foxden.are
goldpen.are
ruins.are
merchant.are
shatkul.are
sos.are
appgarden.are
soscata.are
throngfort.are
allifort.are
accura.are
events.are
halcyon.are
terizak.are
mausoleum.are
spivill.are
ywild.are
cliffs.are
icecavern.are
oisland.are
harpy.are
rift.are
invasion.are
palace.are
ttower.are
pixadale.are
volcano.are
psewer.are
dsewer.are
dragonden.are
grovestone.are
torain.are
parade.are
theatre.are
phouse.are
dhouse.are
hive.are
riders.are
ships.are
tomb.are
raid.are
dlair.are
vampden.are
$
