             Vladaar Thu Jan 18 08:44:51 2018 has quit.
              Quinnd Thu Jan 18 16:14:14 2018 has logged on.
              Quinnd Thu Jan 18 16:14:33 2018 has quit.
            Morrigan Thu Jan 18 19:07:18 2018 has logged on.
            Morrigan Thu Jan 18 19:08:34 2018 has quit.
             Vladaar Fri Jan 19 11:19:51 2018 has logged on.
             Vladaar Fri Jan 19 11:20:17 2018 has quit.
              Quinnd Fri Jan 19 19:41:40 2018 has logged on.
              Quinnd Fri Jan 19 19:41:53 2018 has quit.
               Rowan Sat Jan 20 13:24:55 2018 has logged on.
               Rowan Sat Jan 20 13:25:34 2018 has gone link-dead
               Rowan Sat Jan 20 13:55:05 2018 has quit.
            Kelendil Sat Jan 20 16:23:20 2018 has logged on.
              Nedrik Sat Jan 20 17:37:38 2018 has logged on.
              Nedrik Sat Jan 20 17:37:57 2018 has quit.
            Silvanos Sat Jan 20 20:09:23 2018 has logged on.
            Silvanos Sat Jan 20 20:09:38 2018 has quit.
              Aracil Mon Jan 22 06:54:27 2018 has gone link-dead
              Aracil Mon Jan 22 07:23:08 2018 has quit.
             Kyrigan Mon Jan 22 08:20:41 2018 has logged on.
             Kyrigan Mon Jan 22 08:20:58 2018 has quit.
             Vladaar Mon Jan 22 11:25:53 2018 has logged on.
             Vladaar Mon Jan 22 11:26:27 2018 has quit.
            Midnight Mon Jan 22 12:27:36 2018 has quit.
            Midnight Mon Jan 22 12:27:54 2018 has logged on.
            Midnight Mon Jan 22 18:21:58 2018 has logged on.
            Midnight Mon Jan 22 19:01:42 2018 has quit.
                Torn Mon Jan 22 19:06:29 2018 has gone link-dead
                Loon Mon Jan 22 19:07:48 2018 has gone link-dead
                Torn Mon Jan 22 19:35:39 2018 has quit.
                Took Mon Jan 22 19:37:05 2018 has quit.
             Flitter Mon Jan 22 20:58:12 2018 has quit.
            Ladarius Tue Jan 23 09:12:56 2018 has quit.
            Ilanthas Tue Jan 23 17:20:52 2018 has logged on.
            Ilanthas Tue Jan 23 17:21:15 2018 has quit.
            Midnight Tue Jan 23 17:43:26 2018 has logged on.
            Midnight Tue Jan 23 18:39:43 2018 has quit.
            Midnight Tue Jan 23 19:01:55 2018 has logged on.
            Midnight Tue Jan 23 19:44:26 2018 has logged on.
            Midnight Tue Jan 23 19:49:13 2018 has quit.
               Lfour Tue Jan 23 20:44:59 2018 has gone link-dead
               Lfour Tue Jan 23 21:13:01 2018 has quit.
              Quinnd Thu Jan 25 13:33:18 2018 has logged on.
              Quinnd Thu Jan 25 13:33:39 2018 has quit.
            Midnight Sat Jan 27 16:14:47 2018 has logged on.
            Midnight Sat Jan 27 16:26:47 2018 has quit.
              Quinnd Thu Feb 01 17:21:13 2018 has logged on.
              Quinnd Thu Feb 01 17:22:11 2018 has quit.
             Kyrigan Fri Feb 02 19:16:37 2018 has logged on.
             Kyrigan Fri Feb 02 19:17:01 2018 has quit.
             Sanibak Sat Feb 03 00:23:19 2018 has quit.
            Silvanos Sat Feb 03 08:28:33 2018 has logged on.
            Silvanos Sat Feb 03 08:30:19 2018 has quit.
             Vladaar Sat Feb 03 14:14:34 2018 has logged on.
             Vladaar Sat Feb 03 14:15:10 2018 has quit.
            Mirkoros Mon Feb 05 12:56:49 2018 has logged on.
            Mirkoros Mon Feb 05 12:58:24 2018 has quit.
            Silvanos Mon Feb 05 19:08:16 2018 has logged on.
            Silvanos Mon Feb 05 19:08:23 2018 has quit.
             Vladaar Wed Feb 07 19:11:32 2018 has logged on.
             Vladaar Wed Feb 07 19:11:59 2018 has quit.
              Nazrem Fri Feb 09 19:45:44 2018 has gone link-dead
              Nazrem Fri Feb 09 20:16:02 2018 has quit.
             Vladaar Sat Feb 10 10:11:46 2018 has logged on.
             Vladaar Sat Feb 10 10:12:21 2018 has quit.
             Vladaar Sat Feb 10 13:27:37 2018 has logged on.
             Vladaar Sat Feb 10 13:28:18 2018 has quit.
              Quinnd Sun Feb 11 22:03:35 2018 has logged on.
              Quinnd Sun Feb 11 22:03:48 2018 has quit.
             Vladaar Thu Feb 15 12:36:27 2018 has logged on.
             Vladaar Thu Feb 15 12:36:57 2018 has quit.
            Silvanos Fri Feb 16 06:56:59 2018 has logged on.
            Silvanos Fri Feb 16 06:57:13 2018 has quit.
             Vladaar Fri Feb 16 15:09:16 2018 has logged on.
             Vladaar Fri Feb 16 15:15:01 2018 has gone link-dead
             Vladaar Fri Feb 16 18:14:17 2018 has logged on.
             Vladaar Fri Feb 16 18:24:11 2018 has gone link-dead
             Vladaar Fri Feb 16 19:28:53 2018 has logged on.
             Vladaar Fri Feb 16 19:34:07 2018 has gone link-dead
             Vladaar Fri Feb 16 21:17:46 2018 has logged on.
             Vladaar Fri Feb 16 21:27:37 2018 has gone link-dead
               Lemon Sat Feb 17 14:33:53 2018 has logged on.
               Lemon Sat Feb 17 15:08:14 2018 has quit.
               Lemon Sat Feb 17 18:40:22 2018 has logged on.
               Lemon Sat Feb 17 18:42:40 2018 has quit.
               Lemon Sat Feb 17 18:58:33 2018 has logged on.
               Lemon Sat Feb 17 18:58:48 2018 has quit.
             Vladaar Sat Feb 17 19:27:30 2018 has logged on.
             Vladaar Sat Feb 17 19:27:48 2018 has quit.
             Vladaar Sat Feb 17 19:34:39 2018 has logged on.
             Vladaar Sat Feb 17 19:34:55 2018 has quit.
             Vladaar Sat Feb 17 19:46:19 2018 has logged on.
               Lemon Sat Feb 17 19:46:33 2018 has logged on.
             Vladaar Sat Feb 17 20:04:11 2018 has gone link-dead
               Lemon Sat Feb 17 20:07:47 2018 has quit.
             Vladaar Sat Feb 17 20:10:45 2018 has logged on.
             Vladaar Sat Feb 17 20:15:13 2018 has gone link-dead
             Vladaar Sat Feb 17 20:43:41 2018 has logged on.
             Vladaar Sat Feb 17 20:49:06 2018 has gone link-dead
             Vladaar Sun Feb 18 09:12:45 2018 has logged on.
             Vladaar Sun Feb 18 09:13:00 2018 has quit.
             Vladaar Sun Feb 18 09:31:35 2018 has logged on.
             Vladaar Sun Feb 18 09:40:39 2018 has gone link-dead
             Vladaar Sun Feb 18 10:54:42 2018 has logged on.
             Vladaar Sun Feb 18 10:54:54 2018 has quit.
             Vladaar Sun Feb 18 12:27:56 2018 has logged on.
             Vladaar Sun Feb 18 12:41:37 2018 has gone link-dead
             Vladaar Sun Feb 18 13:52:14 2018 has logged on.
             Vladaar Sun Feb 18 14:01:08 2018 has gone link-dead
             Vladaar Sun Feb 18 15:59:16 2018 has logged on.
             Vladaar Sun Feb 18 16:04:15 2018 has quit.
               Lemon Sun Feb 18 16:34:17 2018 has logged on.
               Lemon Sun Feb 18 17:18:53 2018 has gone link-dead
               Lemon Sun Feb 18 17:19:14 2018 has logged on.
               Lemon Sun Feb 18 17:19:26 2018 has quit.
             Vladaar Sun Feb 18 18:21:18 2018 has logged on.
             Vladaar Sun Feb 18 18:21:34 2018 has quit.
             Vladaar Sun Feb 18 19:33:10 2018 has logged on.
             Vladaar Sun Feb 18 19:51:12 2018 has gone link-dead
             Vladaar Sun Feb 18 19:55:06 2018 has logged on.
             Vladaar Sun Feb 18 19:56:23 2018 has quit.
             Vladaar Sun Feb 18 19:56:34 2018 has logged on.
             Vladaar Sun Feb 18 20:32:36 2018 has quit.
             Vladaar Sun Feb 18 20:43:48 2018 has logged on.
             Vladaar Sun Feb 18 20:47:58 2018 has gone link-dead
             Vladaar Sun Feb 18 21:26:06 2018 has logged on.
             Vladaar Sun Feb 18 21:33:41 2018 has gone link-dead
             Vladaar Sun Feb 18 21:33:53 2018 has logged on.
                Izak Sun Feb 18 22:02:47 2018 has quit.
                Xorn Sun Feb 18 22:02:47 2018 has quit.
              Xander Sun Feb 18 22:02:47 2018 has quit.
            Skyraker Sun Feb 18 22:02:47 2018 has quit.
              Osaroz Sun Feb 18 22:02:47 2018 has quit.
               Hsaak Sun Feb 18 22:02:47 2018 has quit.
            Cerebrum Sun Feb 18 22:02:47 2018 has quit.
                Kwai Sun Feb 18 22:02:47 2018 has quit.
            Yiksavic Sun Feb 18 22:02:47 2018 has quit.
              Ulaxor Sun Feb 18 22:02:47 2018 has quit.
               Ravan Sun Feb 18 22:02:47 2018 has quit.
                Fang Sun Feb 18 22:02:47 2018 has quit.
             Vladaar Sun Feb 18 22:03:12 2018 has quit.
             Vladaar Mon Feb 19 08:38:37 2018 has logged on.
             Vladaar Mon Feb 19 09:18:59 2018 has quit.
             Vladaar Mon Feb 19 09:19:09 2018 has logged on.
             Vladaar Mon Feb 19 09:30:50 2018 has gone link-dead
             Vladaar Mon Feb 19 09:35:17 2018 has logged on.
             Vladaar Mon Feb 19 09:47:27 2018 has gone link-dead
             Vladaar Mon Feb 19 09:51:01 2018 has logged on.
             Vladaar Mon Feb 19 10:02:55 2018 has gone link-dead
             Vladaar Mon Feb 19 10:05:42 2018 has logged on.
             Vladaar Mon Feb 19 10:12:27 2018 has gone link-dead
                Chas Mon Feb 19 10:29:13 2018 has quit.
             Vladaar Mon Feb 19 10:39:05 2018 has logged on.
             Vladaar Mon Feb 19 10:40:44 2018 has logged on.
             Vladaar Mon Feb 19 10:49:04 2018 has logged on.
             Vladaar Mon Feb 19 10:49:47 2018 has logged on.
             Vladaar Mon Feb 19 10:55:47 2018 has logged on.
             Vladaar Mon Feb 19 10:58:49 2018 has logged on.
             Vladaar Mon Feb 19 11:06:00 2018 has logged on.
             Vladaar Mon Feb 19 11:15:39 2018 has logged on.
             Vladaar Mon Feb 19 11:23:38 2018 has logged on.
             Vladaar Mon Feb 19 11:33:59 2018 has logged on.
             Vladaar Mon Feb 19 11:35:07 2018 has logged on.
             Vladaar Mon Feb 19 11:43:12 2018 has logged on.
             Anharat Mon Feb 19 12:01:57 2018 has logged on.
               Lemon Mon Feb 19 13:15:22 2018 has logged on.
              Xander Mon Feb 19 13:31:29 2018 has logged on.
             Anharat Mon Feb 19 13:47:51 2018 has quit.
               Admin Tue Mar 15 23:12:07 2022 has quit.
               Admin Tue Mar 15 23:13:12 2022 has logged on.
               Admin Tue Mar 15 23:18:44 2022 has quit.
              Sorine Tue Mar 15 23:21:48 2022 has gone link-dead
            Varchild Tue Mar 15 23:21:49 2022 has gone link-dead
              Sorine Tue Mar 15 23:22:29 2022 has logged on.
            Varchild Tue Mar 15 23:23:18 2022 has logged on.
            Varchild Tue Mar 15 23:55:35 2022 has logged on.
            Varchild Wed Mar 16 00:16:40 2022 has logged on.
              Mogran Wed Mar 16 13:09:59 2022 has quit.
            Varchild Wed Mar 16 15:07:33 2022 has logged on.
            Varchild Wed Mar 16 15:07:56 2022 has quit.
            Varchild Wed Mar 16 15:08:08 2022 has logged on.
            Varchild Wed Mar 16 15:50:27 2022 has logged on.
            Varchild Wed Mar 16 15:50:50 2022 has quit.
            Varchild Wed Mar 16 20:02:15 2022 has logged on.
              Sorine Wed Mar 16 20:04:37 2022 has logged on.
              Sorine Wed Mar 16 20:42:31 2022 has quit.
            Varchild Wed Mar 16 20:42:34 2022 has quit.
            Varchild Thu Mar 17 13:11:02 2022 has logged on.
            Varchild Thu Mar 17 13:11:53 2022 has quit.
            Varchild Thu Mar 17 18:57:09 2022 has logged on.
            Varchild Thu Mar 17 19:23:54 2022 has logged on.
              Sorine Thu Mar 17 20:14:37 2022 has logged on.
              Sorine Thu Mar 17 20:16:33 2022 has quit.
            Varchild Thu Mar 17 20:17:46 2022 has logged on.
            Varchild Thu Mar 17 20:24:36 2022 has gone link-dead
            Varchild Thu Mar 17 20:25:17 2022 has logged on.
            Varchild Thu Mar 17 20:52:47 2022 has logged on.
            Varchild Thu Mar 17 21:12:31 2022 has gone link-dead
            Varchild Thu Mar 17 21:13:00 2022 has logged on.
               Admin Thu Mar 17 21:28:50 2022 has logged on.
               Admin Thu Mar 17 21:29:26 2022 has quit.
            Varchild Thu Mar 17 21:46:31 2022 has quit.
            Varchild Thu Mar 17 22:08:05 2022 has logged on.
            Varchild Thu Mar 17 22:08:54 2022 has quit.
               Krean Fri Mar 18 04:54:21 2022 has quit.
               Krean Fri Mar 18 04:54:57 2022 has logged on.
               Krean Fri Mar 18 05:11:26 2022 has quit.
           Tokihasha Fri Mar 18 07:48:58 2022 has quit.
           Tokihasha Fri Mar 18 09:21:44 2022 has logged on.
           Tokihasha Fri Mar 18 10:01:34 2022 has quit.
           Tokihasha Sun Mar 20 07:26:58 2022 has logged on.
            Varchild Sun Mar 20 09:35:30 2022 has logged on.
            Varchild Sun Mar 20 09:35:55 2022 has quit.
            Varchild Sun Mar 20 09:45:46 2022 has logged on.
            Varchild Sun Mar 20 09:46:00 2022 has quit.
               Alnar Sun Mar 20 11:18:34 2022 has quit.
            Varchild Sun Mar 20 13:53:06 2022 has logged on.
               Alnar Sun Mar 20 13:54:35 2022 has logged on.
               Alnar Sun Mar 20 15:16:32 2022 has quit.
            Varchild Sun Mar 20 17:30:15 2022 has gone link-dead
            Varchild Sun Mar 20 17:54:47 2022 has logged on.
            Varchild Sun Mar 20 17:55:12 2022 has quit.
            Varchild Sun Mar 20 18:23:31 2022 has logged on.
            Varchild Sun Mar 20 23:21:51 2022 has logged on.
              Sorine Sun Mar 20 23:47:19 2022 has logged on.
              Sorine Mon Mar 21 00:40:38 2022 has quit.
              Sorine Mon Mar 21 00:40:48 2022 has logged on.
            Varchild Mon Mar 21 01:05:28 2022 has quit.
              Sorine Mon Mar 21 01:05:35 2022 has quit.
            Varchild Mon Mar 21 01:07:46 2022 has logged on.
            Varchild Mon Mar 21 01:10:04 2022 has quit.
             Sanibak Mon Mar 21 01:48:41 2022 has quit.
           Tokihasha Mon Mar 21 02:12:39 2022 has logged on.
           Tokihasha Mon Mar 21 02:29:02 2022 has gone link-dead
            Daydream Mon Mar 21 02:45:40 2022 has gone link-dead
           Tokihasha Mon Mar 21 02:56:04 2022 has quit.
             Cthughs Mon Mar 21 04:30:04 2022 has gone link-dead
             Cthughs Mon Mar 21 04:59:39 2022 has quit.
             Sanibak Mon Mar 21 08:35:36 2022 has logged on.
             Correne Mon Mar 21 08:59:07 2022 has gone link-dead
             Correne Mon Mar 21 08:59:53 2022 has logged on.
             Correne Mon Mar 21 09:11:40 2022 has gone link-dead
             Correne Mon Mar 21 09:12:39 2022 has logged on.
               Tchen Mon Mar 21 09:16:32 2022 has quit.
          Zecsakiath Mon Mar 21 09:34:17 2022 has quit.
             Correne Mon Mar 21 09:41:48 2022 has quit.
             Hrathon Mon Mar 21 10:49:42 2022 has quit.
              Trebor Mon Mar 21 10:53:38 2022 has gone link-dead
             Hrathon Mon Mar 21 11:07:34 2022 has logged on.
             Hrathon Mon Mar 21 11:18:55 2022 has quit.
              Trebor Mon Mar 21 11:22:36 2022 has quit.
             Sanibak Mon Mar 21 16:16:47 2022 has logged on.
            Varchild Mon Mar 21 16:23:46 2022 has logged on.
              Leshia Mon Mar 21 16:24:13 2022 has gone link-dead
              Sorine Mon Mar 21 16:31:18 2022 has logged on.
              Sorine Mon Mar 21 16:42:53 2022 has quit.
              Linnia Mon Mar 21 16:54:43 2022 has gone link-dead
              Linnia Mon Mar 21 16:54:53 2022 has logged on.
             Correne Mon Mar 21 17:33:03 2022 has gone link-dead
             Correne Mon Mar 21 17:33:04 2022 has logged on.
             Correne Mon Mar 21 17:33:13 2022 has quit.
             Correne Mon Mar 21 17:44:19 2022 has quit.
             Correne Mon Mar 21 17:44:20 2022 has logged on.
              Sorine Mon Mar 21 18:22:17 2022 has logged on.
              Sorine Mon Mar 21 18:25:24 2022 has quit.
              Sorine Mon Mar 21 18:25:35 2022 has logged on.
              Linnia Mon Mar 21 18:26:38 2022 has gone link-dead
              Linnia Mon Mar 21 18:27:03 2022 has logged on.
              Linnia Mon Mar 21 18:27:07 2022 has quit.
              Linnia Mon Mar 21 18:27:19 2022 has logged on.
              Linnia Mon Mar 21 18:27:25 2022 has quit.
             Correne Mon Mar 21 18:27:32 2022 has quit.
             Correne Mon Mar 21 18:27:33 2022 has logged on.
             Sanibak Mon Mar 21 18:37:52 2022 has quit.
            Varchild Mon Mar 21 18:39:06 2022 has logged on.
             Hrathon Mon Mar 21 19:22:13 2022 has logged on.
             Sanibak Mon Mar 21 19:23:49 2022 has logged on.
             Hrathon Mon Mar 21 19:24:34 2022 has quit.
             Camlorn Mon Mar 21 19:32:23 2022 has quit.
             Sanibak Mon Mar 21 19:46:29 2022 has gone link-dead
             Camlorn Mon Mar 21 19:56:48 2022 has logged on.
             Hrathon Mon Mar 21 20:06:07 2022 has logged on.
             Sanibak Mon Mar 21 20:06:07 2022 has gone link-dead
              Sorine Mon Mar 21 20:11:09 2022 has logged on.
             Hrathon Mon Mar 21 20:27:41 2022 has quit.
             Camlorn Mon Mar 21 20:39:11 2022 has quit.
              Sorine Mon Mar 21 20:47:04 2022 has quit.
              Sorine Mon Mar 21 20:47:13 2022 has logged on.
              Sorine Mon Mar 21 20:47:27 2022 has quit.
            Varchild Mon Mar 21 20:48:36 2022 has quit.
             Sanibak Mon Mar 21 23:00:26 2022 has gone link-dead
             Sanibak Mon Mar 21 23:00:30 2022 has logged on.
             Sanibak Mon Mar 21 23:06:39 2022 has quit.
              Nhudri Mon Mar 21 23:44:59 2022 has quit.
             Sanibak Mon Mar 21 23:45:09 2022 has logged on.
               Emrys Mon Mar 21 23:54:40 2022 has gone link-dead
               Emrys Tue Mar 22 00:23:30 2022 has quit.
             Sanibak Tue Mar 22 01:56:36 2022 has quit.
                Neos Tue Mar 22 02:02:58 2022 has quit.
               Alnar Tue Mar 22 03:01:24 2022 has logged on.
                Dyrk Tue Mar 22 04:50:01 2022 has gone link-dead
                Zael Tue Mar 22 05:11:52 2022 has quit.
                Dyrk Tue Mar 22 05:18:16 2022 has quit.
               Alnar Tue Mar 22 05:37:07 2022 has quit.
              Linnia Tue Mar 22 06:27:12 2022 has logged on.
               Alnar Tue Mar 22 06:41:19 2022 has logged on.
                Neos Tue Mar 22 06:49:23 2022 has logged on.
               Alnar Tue Mar 22 06:57:34 2022 has quit.
              Linnia Tue Mar 22 07:30:49 2022 has quit.
              Linnia Tue Mar 22 07:40:53 2022 has logged on.
                Neos Tue Mar 22 07:43:34 2022 has gone link-dead
                Neos Tue Mar 22 07:46:53 2022 has quit.
                Neos Tue Mar 22 07:47:03 2022 has logged on.
                Neos Tue Mar 22 09:15:27 2022 has quit.
             Sanibak Tue Mar 22 09:17:11 2022 has logged on.
            Allandir Tue Mar 22 09:43:16 2022 has quit.
            Allandir Tue Mar 22 09:43:36 2022 has logged on.
            Allandir Tue Mar 22 09:51:38 2022 has quit.
               Alnar Tue Mar 22 09:56:07 2022 has logged on.
              Linnia Tue Mar 22 10:09:49 2022 has quit.
              Linnia Tue Mar 22 11:02:20 2022 has logged on.
             Wigther Tue Mar 22 11:12:57 2022 has quit.
             Wigther Tue Mar 22 11:13:07 2022 has logged on.
              Linnia Tue Mar 22 11:25:24 2022 has quit.
              Linnia Tue Mar 22 11:26:34 2022 has logged on.
             Wigther Tue Mar 22 11:39:40 2022 has quit.
               Alnar Tue Mar 22 12:02:44 2022 has quit.
                Zael Tue Mar 22 12:32:41 2022 has logged on.
              Linnia Tue Mar 22 13:32:43 2022 has quit.
              Linnia Tue Mar 22 13:38:51 2022 has logged on.
             Sanibak Tue Mar 22 13:45:53 2022 has quit.
           Tokihasha Tue Mar 22 14:02:45 2022 has logged on.
             Sanibak Tue Mar 22 14:17:49 2022 has logged on.
           Tokihasha Tue Mar 22 14:39:10 2022 has quit.
             Correne Tue Mar 22 14:55:33 2022 has logged on.
              Linnia Tue Mar 22 15:06:34 2022 has gone link-dead
             Correne Tue Mar 22 15:06:35 2022 has gone link-dead
             Hrathon Tue Mar 22 15:12:39 2022 has logged on.
             Hrathon Tue Mar 22 15:14:35 2022 has quit.
             Correne Tue Mar 22 15:36:49 2022 has quit.
              Linnia Tue Mar 22 15:36:49 2022 has quit.
             Sanibak Tue Mar 22 15:46:01 2022 has quit.
            Varchild Tue Mar 22 15:54:50 2022 has logged on.
            Varchild Tue Mar 22 16:21:42 2022 has logged on.
                Zael Tue Mar 22 16:26:26 2022 has logged on.
